```json
{
  "strategic_axes": [
    {
      "title": "Scaling Mid-Market EU : Casser la concentration client",
      "description": "Lancer version Starter (300-500K€) ciblant ETI 500-2000 ETP logistique/retail EU. Objectif 30 logos sous 18 mois pour réduire dépendance 3 clients (45% CA actuel) à <30%. Cycles vente réduits à 60-90j vs 6-12 mois grands comptes. Industrialiser go-to-market digital et self-service onboarding.",
      "initiatives": [
        "Développer version Starter Module Core (60% fonctionnalités Enterprise, pricing 300-500K€) avec onboarding automatisé - Budget R&D 800K€",
        "Recruter 5-6 FTE inside sales mid-market + 1 Head of Growth Marketing expérimenté SaaS B2B",
        "Déployer campagnes inbound LinkedIn/Google Ads ciblées ETI France/Allemagne/Benelux - Budget marketing 1,2M€/an",
        "Implémenter parcours self-service (free trial 30j Module Prédictif, démo interactive, pricing transparent en ligne)",
        "Segmenter strictement grands comptes vs mid-market (pricing/fonctionnalités différenciés) pour éviter cannibalisation"
      ],
      "quick_wins": [
        "Campagne email outbound ultra-ciblée 100 ETI logistique existantes base de données (prospects warm) - Objectif 5 RDV qualifiés sous 3 semaines",
        "Publier 3 case studies anonymisés clients actuels (ROI chiffré, témoignages vidéo) sur site web + LinkedIn - Sous 2 semaines"
      ],
      "milestones": [
        {
          "quarter": "T3 2026",
          "milestone": "Lancement version Starter Beta (5 clients pilotes ETI à -50% pricing). Go recrutement équipe sales/marketing mid-market."
        },
        {
          "quarter": "T4 2026",
          "milestone": "10 premiers logos mid-market signés (CA incrémental 3-5M€). Plateforme self-service opérationnelle. Campagnes inbound actives."
        },
        {
          "quarter": "T1 2027",
          "milestone": "20 logos mid-market cumulés. NRR mid-market >100% validé (premiers renouvellements). Concentration top 3 clients réduite à 35% CA."
        },
        {
          "quarter": "T2 2027",
          "milestone": "30 logos mid-market atteints. CAC:LTV ratio <1:3 confirmé. Ajustements pricing/packaging basés données 6 mois."
        },
        {
          "quarter": "T3 2027",
          "milestone": "Ramp-up 40 logos. Concentration top 3 <30% CA. Validation business case pour série B (objectif levée T4 2027)."
        },
        {
          "quarter": "T4 2027",
          "milestone": "50 logos mid-market (objectif 18 mois atteint). Segment mid-market = 25-30% CA total. Préparation série B 15-20M€."
        }
      ],
      "resources": [
        "5-6 FTE inside sales mid-market (profils ex-Salesforce/HubSpot)",
        "1 Head of Growth Marketing SaaS B2B (salaire 80-100K€ + equity)",
        "Budget marketing digital 1,2M€/an (ads, content, SEO)",
        "Budget R&D version Starter 800K€ (3-4 développeurs 6 mois)",
        "Plateforme self-service/onboarding automatisé 500K€ (investissement tech)"
      ]
    },
    {
      "title": "Industrialiser Module Prédictif IA : 30% → 50% CA",
      "description": "Accélérer hyper-croissance Module Prédictif (actuellement 30% CA, +60% YoY) pour atteindre 50% CA T4 2027. Capitaliser sur IA propriétaire brevetée et NRR 115% pour cross-sell base installée (grands comptes + mid-market). Développer templates sectoriels pharma/retail pour réduire cycles déploiement à 30j POC.",
      "initiatives": [
        "Doubler allocation budget R&D Module Prédictif (passer de 30% à 50% budget innovation) - Recruter 5-8 FTE ingénieurs IA + 1 VP Product dédié",
        "Développer templates sectoriels verticaux (pharma cold-chain, retail fresh-food, aerospace) - Réduire POC de 90j à 30j",
        "Intégrer module décarbonation Supply Chain (optimisation CO2 scope 3, reporting CSRD) pour monétiser compliance Green Deal",
        "Lancer campagne cross-sell agressive base Core installée (offre bundle -20% si achat Module avant T1 2027) - Potentiel +5-8M€ ARR",
        "Partenariat co-développement avec 2 anchor clients grands comptes (GSK/Unilever type) pour valider use-cases verticaux"
      ],
      "quick_wins": [
        "Offre flash clients actuels Core : démo gratuite Module Prédictif 30j + bundle -15% si signature avant T3 2026 - Objectif 3-5 upsells immédiats",
        "Publier white paper technique 'ROI IA Prédictive Supply Chain' (données anonymisées clients, benchmark vs concurrence) - Crédibilité VP/C-level"
      ],
      "milestones": [
        {
          "quarter": "T3 2026",
          "milestone": "Recrutement VP Product Module IA + 3 premiers ingénieurs IA. Lancement template pharma cold-chain (POC 30j validé avec 1 client pilote)."
        },
        {
          "quarter": "T4 2026",
          "milestone": "Template retail fresh-food opérationnel. Module décarbonation CSRD intégré (version beta). 5 upsells cross-sell base Core réalisés."
        },
        {
          "quarter": "T1 2027",
          "milestone": "Module Prédictif = 35% CA (vs 30% T2 2026). Partenariat co-dev avec 1 anchor client pharma/retail signé. POC moyen réduit à 45j."
        },
        {
          "quarter": "T2 2027",
          "milestone": "40% CA Module Prédictif. Templates sectoriels déployés chez 10 clients. POC standardisé 30j. 50% deals mid-market incluent Module IA."
        },
        {
          "quarter": "T3 2027",
          "milestone": "45% CA Module Prédictif. NRR global boosté à 125% (vs 115% actuel) grâce expansion Module IA. Validation product-market fit vertical."
        },
        {
          "quarter": "T4 2027",
          "milestone": "Objectif 50% CA Module Prédictif atteint. Part marché relative segment AI Planning >0.15 (progression vs 0.05 actuel). Statut STAR BCG validé."
        }
      ],
      "resources": [
        "5-8 FTE ingénieurs IA spécialisés (PhD maths appliquées, salaires 100-120K€ + equity)",
        "1 VP Product Module IA (profil ex-o9 Solutions/Anaplan, salaire 120-150K€)",
        "Budget R&D Module IA doublé : 3-4M€/an (vs 1,5-2M€ actuel)",
        "Partenariat co-développement anchor client (budget POC gratuit 200-300K€)",
        "Programme rétention talents IA (stock-options, projets innovation) - Budget 500K€/an"
      ]
    },
    {
      "title": "Préparer expansion US post-consolidation EU",
      "description": "Différer go-to-market US agressif après validation scaling mid-market EU (concentration client <30%, 30-40 logos sécurisés). Recruter VP Sales US T1-T2 2027, signer partenariat Deloitte/Accenture US, cibler 2 anchor clients Fortune 500 logistique/retail T3-T4 2027. Fenêtre 12-18 mois avant fermeture marché (consolidation Blue Yonder/Kinaxis).",
      "initiatives": [
        "Recruter VP Sales US expérimenté grands comptes (ex-Blue Yonder/Kinaxis) T1 2027 - Salaire 300-400K$ + equity significative",
        "Ouvrir bureau NYC/Chicago T2 2027 (équipe locale 4-6 FTE sales/CS) - Budget infrastructure 1,5M€",
        "Signer partenariat stratégique Deloitte/Accenture US (co-selling, certification consultants) T2 2027 pour accélérer crédibilité marché",
        "Campagne ABM ultra-ciblée 20-30 prospects Fortune 500 (Walmart, Amazon Logistics, UPS) avec POC gratuits 60j T3-T4 2027",
        "Lever série B 15-20M€ T3-T4 2027 sur base 2 LOI clients US signées (valorisation 120-150M€ post-money)"
      ],
      "quick_wins": [
        "Audit LinkedIn profils décideurs Supply Chain Fortune 500 (VP Supply Chain, CIO) - Cartographie 50 cibles prioritaires sous 2 semaines",
        "Participation Gartner Supply Chain Symposium US (Orlando, mai 2027) - Networking anchor prospects + veille concurrence"
      ],
      "milestones": [
        {
          "quarter": "T3 2026",
          "milestone": "Veille marché US active (abonnements Gartner/Forrester). Pré-sélection 5 candidats VP Sales US (chasseurs de têtes mandatés)."
        },
        {
          "quarter": "T4 2026",
          "milestone": "Benchmark concurrence US approfondi (Blue Yonder, Kinaxis, o9 Solutions). Roadmap produit adaptée spécificités marché US (compliance, intégrations ERP locaux)."
        },
        {
          "quarter": "T1 2027",
          "milestone": "VP Sales US recruté et onboardé. Ouverture discussions partenariat Deloitte/Accenture US. Cartographie finale 30 prospects Fortune 500."
        },
        {
          "quarter": "T2 2027",
          "milestone": "Bureau NYC opérationnel (4 FTE locaux). Partenariat Deloitte/Accenture US signé. Lancement campagne ABM (LinkedIn Ads, sponsoring évènements sectoriels)."
        },
        {
          "quarter": "T3 2027",
          "milestone": "10-15 POC gratuits 60j en cours (Fortune 500). Objectif 2 LOI signées avant T4 2027. Préparation roadshow série B investisseurs US."
        },
        {
          "quarter": "T4 2027",
          "milestone": "2 anchor clients US signés (deals 10-15M$ chacun). Série B 15-20M€ bouclée. Pipeline US 30-40 prospects qualifiés pour 2028."
        }
      ],
      "resources": [
        "1 VP Sales US (profil ex-Blue Yonder/Kinaxis, salaire 300-400K$ + 1-2% equity)",
        "4-6 FTE équipe locale US (2 sales, 2 CS, 1 ops, 1 marketing)",
        "Budget infrastructure US (bureau NYC/Chicago, outils, déplacements) 1,5M€",
        "Budget campagne ABM US 800K€-1M€ (ads, sponsoring évènements, POC gratuits)",
        "Série B 15-20M€ (valorisation cible 120-150M€ post-money)"
      ]
    },
    {
      "title": "Divest Conseil & Optimiser Ops : Focus Produit SaaS",
      "description": "Sortir activité Conseil Optimisation (5% CA, marges <20%, marché saturé Big 4) pour recentrer ressources sur scaling SaaS. Transférer clients vers partenaires certifiés (commission 10-15%). Redéployer 8-10 consultants internes sur Customer Success pour booster NRR 115%→130% et réduire churn. Libérer 1-1,5M€ cash annuel pour R&D Module IA.",
      "initiatives": [
        "Signer partenariat certification avec Deloitte/Accenture EU (commission 10-15% apport affaires) T3 2026 - Transférer portefeuille clients Conseil existants",
        "Redéployer 8-10 consultants internes sur équipe Customer Success (formation certifications SaaS, processus onboarding clients)",
        "Automatiser processus ops internes (facturation, reporting, ticketing support) via outils SaaS (Stripe, Salesforce, Zendesk) - Gain 2-3 FTE ops",
        "Implémenter programme Success Management proactif (QBR trimestrielles, health scores clients, upsell triggers) pour NRR 130% cible",
        "Réduire coûts infrastructure tech (migration cloud hybride, renégociation contrats AWS/Azure) - Économie 300-500K€/an"
      ],
      "quick_wins": [
        "Renégocier contrats AWS/Azure (volumes croissants = levier pricing) - Économie immédiate 100-150K€/an sous 4 semaines",
        "Automatiser facturation clients via Stripe Billing (actuellement manuelle Excel) - Gain 0,5 FTE finance + réduction erreurs"
      ],
      "milestones": [
        {
          "quarter": "T3 2026",
          "milestone": "Partenariat Deloitte/Accenture signé. Transfert 80% clients Conseil vers partenaires (5 derniers deals en cours finalisés en interne)."
        },
        {
          "quarter": "T4 2026",
          "milestone": "100% activité Conseil externalisée. 8-10 ex-consultants redéployés CS (formation certifications Gainsight/Totango achevée). NRR objectif 120% T1 2027."
        },
        {
          "quarter": "T1 2027",
          "milestone": "Programme Success Management actif (QBR 100% clients grands comptes). Health scores automatisés via Gainsight. Churn <5%/an validé."
        },
        {
          "quarter": "T2 2027",
          "milestone": "NRR boosted à 125% (vs 115% baseline). Ops automatisées (Stripe, Salesforce, Zendesk déployés). Économies ops 500K€ réalisées."
        },
        {
          "quarter": "T3 2027",
          "milestone": "NRR cible 130% atteint (expansion revenue organique). Équipe CS dimensionnée pour 50+ clients mid-market (ratio 1 CSM pour 8-10 comptes)."
        },
        {
          "quarter": "T4 2027",
          "milestone": "Bilan divest Conseil : 1-1,5M